2026-08-07T10:05:09.988717 | get_active_emergency_state | {'latitude': 32.1209, 'longitude': 34.8178, 'inferred_city': 'תל אביב', 'matched_area': None, 'is_active': False, 'reason': 'ok'}
2026-08-08T02:31:26.424242 | get_active_emergency_state | {'latitude': 32.1209, 'longitude': 34.8178, 'inferred_city': 'תל אביב', 'matched_area': None, 'is_active': False, 'reason': 'ok'}
2026-08-08T03:17:27.717684 | get_active_emergency_state | {'latitude': 32.0853, 'longitude': 34.7818, 'inferred_city': 'תל אביב', 'matched_area': None, 'is_active': False, 'reason': 'ok'}
2026-08-08T03:25:25.745269 | get_active_emergency_state | {'latitude': 32.1209, 'longitude': 34.8178, 'inferred_city': 'תל אביב', 'matched_area': None, 'is_active': False, 'reason': 'ok'}
2026-08-08T03:40:34.103976 | get_active_emergency_state | {'latitude': 32.1209, 'longitude': 34.8178, 'inferred_city': 'תל אביב', 'matched_area': None, 'is_active': False, 'reason': 'ok'}
2026-08-08T03:42:59.382567 | get_active_emergency_state | {'latitude': 32.1209, 'longitude': 34.8178, 'inferred_city': 'תל אביב', 'matched_area': 'תל אביב', 'is_active': True, 'reason': 'ok'}
2026-08-08T03:42:59.455503 | nearby_emergency_shelters_pool | {'latitude': 32.1209, 'longitude': 34.8178, 'official_count': 696, 'community_count': 10}
2026-08-08T03:42:59.466684 | nearby_emergency_shelters_result | {'top_5': [('Community', 12), ('Community', 887), ('Community', 921), ('Official', 954), ('Community', 991)]}
2026-08-08T03:43:07.031319 | get_active_emergency_state | {'latitude': 32.1209, 'longitude': 34.8178, 'inferred_city': 'תל אביב', 'matched_area': 'תל אביב', 'is_active': True, 'reason': 'ok'}
2026-08-08T03:43:10.268800 | get_active_emergency_state | {'latitude': 32.1209, 'longitude': 34.8178, 'inferred_city': 'תל אביב', 'matched_area': 'תל אביב', 'is_active': True, 'reason': 'ok'}
2026-08-08T03:43:10.334225 | nearby_emergency_shelters_pool | {'latitude': 32.1209, 'longitude': 34.8178, 'official_count': 696, 'community_count': 10}
2026-08-08T03:43:10.344241 | nearby_emergency_shelters_result | {'top_5': [('Community', 12), ('Community', 887), ('Community', 921), ('Official', 954), ('Community', 991)]}
2026-08-08T03:43:16.146248 | get_active_emergency_state | {'latitude': 32.1209, 'longitude': 34.8178, 'inferred_city': 'תל אביב', 'matched_area': 'תל אביב', 'is_active': True, 'reason': 'ok'}
2026-08-08T03:43:18.208924 | get_active_emergency_state | {'latitude': 32.1209, 'longitude': 34.8178, 'inferred_city': 'תל אביב', 'matched_area': 'תל אביב', 'is_active': True, 'reason': 'ok'}
2026-08-08T03:45:02.933937 | get_active_emergency_state | {'latitude': 32.1209, 'longitude': 34.8178, 'inferred_city': 'תל אביב', 'matched_area': 'תל אביב', 'is_active': True, 'reason': 'ok'}
2026-08-08T03:45:30.586155 | get_active_emergency_state | {'latitude': 32.1209, 'longitude': 34.8178, 'inferred_city': 'תל אביב', 'matched_area': 'תל אביב', 'is_active': True, 'reason': 'ok'}
2026-08-08T03:45:46.237061 | get_active_emergency_state | {'latitude': 32.1209, 'longitude': 34.8178, 'inferred_city': 'תל אביב', 'matched_area': 'תל אביב', 'is_active': True, 'reason': 'ok'}
2026-08-08T03:45:46.308339 | alternative_get_ranked_candidates_pool | {'latitude': 32.1209, 'longitude': 34.8178, 'official_count': 696, 'community_count': 10}
2026-08-08T03:45:46.320323 | alternative_get_ranked_candidates_result | {'top_5': [('community', 12), ('community', 887), ('community', 921), ('official', 954), ('community', 991)]}
2026-08-08T03:45:54.542331 | get_active_emergency_state | {'latitude': 32.1209, 'longitude': 34.8178, 'inferred_city': 'תל אביב', 'matched_area': 'תל אביב', 'is_active': True, 'reason': 'ok'}
2026-08-08T03:45:54.606881 | alternative_get_ranked_candidates_pool | {'latitude': 32.1209, 'longitude': 34.8178, 'official_count': 696, 'community_count': 10}
2026-08-08T03:45:54.617074 | alternative_get_ranked_candidates_result | {'top_5': [('community', 12), ('community', 887), ('community', 921), ('official', 954), ('community', 991)]}
2026-08-08T03:46:16.280932 | get_active_emergency_state | {'latitude': 32.1209, 'longitude': 34.8178, 'inferred_city': 'תל אביב', 'matched_area': 'תל אביב', 'is_active': True, 'reason': 'ok'}
2026-08-08T03:46:25.874094 | get_active_emergency_state | {'latitude': 32.1209, 'longitude': 34.8178, 'inferred_city': 'תל אביב', 'matched_area': 'תל אביב', 'is_active': True, 'reason': 'ok'}
2026-08-08T03:46:44.340529 | get_active_emergency_state | {'latitude': 32.1209, 'longitude': 34.8178, 'inferred_city': 'תל אביב', 'matched_area': 'תל אביב', 'is_active': True, 'reason': 'ok'}
2026-08-08T03:46:48.243763 | get_active_emergency_state | {'latitude': 32.1209, 'longitude': 34.8178, 'inferred_city': 'תל אביב', 'matched_area': 'תל אביב', 'is_active': True, 'reason': 'ok'}
2026-08-08T03:46:48.315534 | nearby_emergency_shelters_pool | {'latitude': 32.1209, 'longitude': 34.8178, 'official_count': 696, 'community_count': 10}
2026-08-08T03:46:48.321803 | nearby_emergency_shelters_result | {'top_5': [('Community', 12), ('Community', 887), ('Community', 921), ('Official', 954), ('Community', 991)]}
2026-08-08T03:47:05.281663 | get_active_emergency_state | {'latitude': 32.1209, 'longitude': 34.8178, 'inferred_city': 'תל אביב', 'matched_area': 'תל אביב', 'is_active': True, 'reason': 'ok'}
2026-08-08T03:47:05.352581 | nearby_emergency_shelters_pool | {'latitude': 32.1209, 'longitude': 34.8178, 'official_count': 696, 'community_count': 10}
2026-08-08T03:47:05.364196 | nearby_emergency_shelters_result | {'top_5': [('Community', 12), ('Community', 887), ('Community', 921), ('Official', 954), ('Community', 991)]}
2026-08-08T03:47:08.827117 | get_active_emergency_state | {'latitude': 32.1209, 'longitude': 34.8178, 'inferred_city': 'תל אביב', 'matched_area': 'תל אביב', 'is_active': True, 'reason': 'ok'}
2026-08-08T03:47:14.173848 | get_active_emergency_state | {'latitude': 32.1209, 'longitude': 34.8178, 'inferred_city': 'תל אביב', 'matched_area': 'תל אביב', 'is_active': True, 'reason': 'ok'}
2026-08-08T03:47:14.240208 | nearby_emergency_shelters_pool | {'latitude': 32.1209, 'longitude': 34.8178, 'official_count': 696, 'community_count': 10}
2026-08-08T03:47:14.250496 | nearby_emergency_shelters_result | {'top_5': [('Community', 12), ('Community', 887), ('Community', 921), ('Official', 954), ('Community', 991)]}
2026-08-08T03:47:18.132616 | get_active_emergency_state | {'latitude': 32.1209, 'longitude': 34.8178, 'inferred_city': 'תל אביב', 'matched_area': 'תל אביב', 'is_active': True, 'reason': 'ok'}
2026-08-08T03:47:18.197156 | nearby_emergency_shelters_pool | {'latitude': 32.1209, 'longitude': 34.8178, 'official_count': 696, 'community_count': 10}
2026-08-08T03:47:18.207844 | nearby_emergency_shelters_result | {'top_5': [('Community', 12), ('Community', 887), ('Community', 921), ('Official', 954), ('Community', 991)]}
2026-08-08T03:48:01.614386 | get_active_emergency_state | {'latitude': 32.1209, 'longitude': 34.8178, 'inferred_city': 'תל אביב', 'matched_area': 'תל אביב', 'is_active': True, 'reason': 'ok'}
2026-08-08T03:48:01.694462 | nearby_emergency_shelters_pool | {'latitude': 32.1209, 'longitude': 34.8178, 'official_count': 696, 'community_count': 10}
2026-08-08T03:48:01.700040 | nearby_emergency_shelters_result | {'top_5': [('Community', 12), ('Community', 887), ('Community', 921), ('Official', 954), ('Community', 991)]}
2026-08-08T03:48:03.873831 | get_active_emergency_state | {'latitude': 32.1209, 'longitude': 34.8178, 'inferred_city': 'תל אביב', 'matched_area': 'תל אביב', 'is_active': True, 'reason': 'ok'}
2026-08-08T03:48:05.399894 | get_active_emergency_state | {'latitude': 32.1209, 'longitude': 34.8178, 'inferred_city': 'תל אביב', 'matched_area': 'תל אביב', 'is_active': True, 'reason': 'ok'}
2026-08-08T03:48:23.268097 | get_active_emergency_state | {'latitude': 32.1209, 'longitude': 34.8178, 'inferred_city': 'תל אביב', 'matched_area': 'תל אביב', 'is_active': True, 'reason': 'ok'}
2026-08-08T03:48:26.635588 | get_active_emergency_state | {'latitude': 32.1209, 'longitude': 34.8178, 'inferred_city': 'תל אביב', 'matched_area': 'תל אביב', 'is_active': True, 'reason': 'ok'}
2026-08-08T03:48:26.699601 | nearby_emergency_shelters_pool | {'latitude': 32.1209, 'longitude': 34.8178, 'official_count': 696, 'community_count': 10}
2026-08-08T03:48:26.707649 | nearby_emergency_shelters_result | {'top_5': [('Community', 12), ('Community', 887), ('Community', 921), ('Official', 954), ('Community', 991)]}
2026-08-08T03:48:29.822415 | get_active_emergency_state | {'latitude': 32.1209, 'longitude': 34.8178, 'inferred_city': 'תל אביב', 'matched_area': 'תל אביב', 'is_active': True, 'reason': 'ok'}
2026-08-08T03:48:29.892747 | nearby_emergency_shelters_pool | {'latitude': 32.1209, 'longitude': 34.8178, 'official_count': 696, 'community_count': 10}
2026-08-08T03:48:29.904406 | nearby_emergency_shelters_result | {'top_5': [('Community', 12), ('Community', 887), ('Community', 921), ('Official', 954), ('Community', 991)]}
2026-08-08T03:48:40.820019 | get_active_emergency_state | {'latitude': 32.1209, 'longitude': 34.8178, 'inferred_city': 'תל אביב', 'matched_area': 'תל אביב', 'is_active': True, 'reason': 'ok'}
2026-08-08T03:48:40.885066 | nearby_emergency_shelters_pool | {'latitude': 32.1209, 'longitude': 34.8178, 'official_count': 696, 'community_count': 10}
2026-08-08T03:48:40.895537 | nearby_emergency_shelters_result | {'top_5': [('Community', 12), ('Community', 887), ('Community', 921), ('Official', 954), ('Community', 991)]}
2026-08-08T04:08:54.727505 | get_active_emergency_state | {'latitude': 32.1209, 'longitude': 34.8178, 'inferred_city': 'תל אביב', 'matched_area': None, 'is_active': False, 'reason': 'ok'}
